:020000020000FC
:06000000000001000000F9
:00000001FF
