:020000020000FC
:080000000000803E803E803EBE
:00000001FF
