:020000020000FC
:0A00000008E000E101E0015000E11A
:00000001FF
